// Jest Snapshot v1, https://goo.gl/fbAQLP

exports[` 1`] = `
<Text
  style={
    Array [
      Object {},
      Array [
        Object {
          "fontSize": 16,
          "lineHeight": 24,
        },
        Object {
          "fontFamily": "spaceGroteskRegular",
        },
        Object {
          "color": "#191015",
        },
      ],
      undefined,
      undefined,
      undefined,
    ]
  }
>
  detail
</Text>
`;
