// Jest Snapshot v1, https://goo.gl/fbAQLP

exports[`Hello Renders Snapshot correctly 1`] = `
<Text
  style={
    Array [
      Object {},
      Array [
        Object {
          "fontSize": 16,
          "lineHeight": 24,
        },
        Object {
          "fontFamily": "spaceGroteskRegular",
        },
        Object {
          "color": "#191015",
        },
      ],
      undefined,
      undefined,
      undefined,
    ]
  }
>
  Hello
</Text>
`;

exports[`Hello Renders screen Test HelloScreen 1`] = `
<RNCSafeAreaProvider
  onInsetsChange={[Function]}
  style={
    Array [
      Object {
        "flex": 1,
      },
      undefined,
    ]
  }
/>
`;
